Archive member included to satisfy reference by file (symbol)

c:/program files/microchip/xc8/v2.46/avr/bin/../lib/gcc/avr/5.4.0/avrxmega4/memx-const/mapped\libgcc.a(_copy_data.o)
                              build/default/production/mcc_generated_files/uart/src/usart3.o (__do_copy_data)
c:/program files/microchip/xc8/v2.46/avr/bin/../lib/gcc/avr/5.4.0/../../../../avr/lib/avrxmega4/memx-const/mapped\libc.a(exit.o)
                              C:/Program Files/Microchip/MPLABX/v6.20/packs/Microchip/AVR-Dx_DFP/2.4.286/xc8/avr/lib/avrxmega4/memx-const/mapped/crtavr128db48.o (exit)
c:/program files/microchip/xc8/v2.46/avr/bin/../lib/gcc/avr/5.4.0/../../../../avr/lib/avrxmega4/memx-const/mapped\libc.a(puts.o)
                              build/default/production/main.o (puts)
c:/program files/microchip/xc8/v2.46/avr/bin/../lib/gcc/avr/5.4.0/../../../../avr/lib/avrxmega4/memx-const/mapped\libc.a(stdout.o)
                              build/default/production/mcc_generated_files/uart/src/usart3.o (_stdout)
c:/program files/microchip/xc8/v2.46/avr/bin/../lib/gcc/avr/5.4.0/../../../../avr/lib/avrxmega4/memx-const/mapped\libc.a(_Exit.o)
                              c:/program files/microchip/xc8/v2.46/avr/bin/../lib/gcc/avr/5.4.0/../../../../avr/lib/avrxmega4/memx-const/mapped\libc.a(exit.o) (_Exit)
c:/program files/microchip/xc8/v2.46/avr/bin/../lib/gcc/avr/5.4.0/../../../../avr/lib/avrxmega4/memx-const/mapped\libc.a(fputs.o)
                              c:/program files/microchip/xc8/v2.46/avr/bin/../lib/gcc/avr/5.4.0/../../../../avr/lib/avrxmega4/memx-const/mapped\libc.a(puts.o) (fputs)
c:/program files/microchip/xc8/v2.46/avr/bin/../lib/gcc/avr/5.4.0/avrxmega4/memx-const/mapped\libgcc.a(_exit.o)
                              c:/program files/microchip/xc8/v2.46/avr/bin/../lib/gcc/avr/5.4.0/../../../../avr/lib/avrxmega4/memx-const/mapped\libc.a(_Exit.o) (_exit)

Allocating common symbols
Common symbol       size              file

__stdout_used       0x2               c:/program files/microchip/xc8/v2.46/avr/bin/../lib/gcc/avr/5.4.0/../../../../avr/lib/avrxmega4/memx-const/mapped\libc.a(stdout.o)

Discarded input sections

 .data          0x0000000000000000        0x0 C:/Program Files/Microchip/MPLABX/v6.20/packs/Microchip/AVR-Dx_DFP/2.4.286/xc8/avr/lib/avrxmega4/memx-const/mapped/crtavr128db48.o
 .bss           0x0000000000000000        0x0 C:/Program Files/Microchip/MPLABX/v6.20/packs/Microchip/AVR-Dx_DFP/2.4.286/xc8/avr/lib/avrxmega4/memx-const/mapped/crtavr128db48.o
 .text          0x0000000000000000        0x0 build/default/production/mcc_generated_files/uart/src/usart3.o
 .data          0x0000000000000000        0x0 build/default/production/mcc_generated_files/uart/src/usart3.o
 .bss           0x0000000000000000        0x0 build/default/production/mcc_generated_files/uart/src/usart3.o
 .text.USART3_Deinitialize
                0x0000000000000000       0x18 build/default/production/mcc_generated_files/uart/src/usart3.o
 .text.USART3_TransmitEnable
                0x0000000000000000        0xc build/default/production/mcc_generated_files/uart/src/usart3.o
 .text.USART3_TransmitDisable
                0x0000000000000000        0xc build/default/production/mcc_generated_files/uart/src/usart3.o
 .text.USART3_AutoBaudSet
                0x0000000000000000       0x28 build/default/production/mcc_generated_files/uart/src/usart3.o
 .text.USART3_AutoBaudQuery
                0x0000000000000000        0xa build/default/production/mcc_generated_files/uart/src/usart3.o
 .text.USART3_IsRxReady
                0x0000000000000000        0xc build/default/production/mcc_generated_files/uart/src/usart3.o
 .text.USART3_IsTxDone
                0x0000000000000000        0xc build/default/production/mcc_generated_files/uart/src/usart3.o
 .text.USART3_ErrorGet
                0x0000000000000000       0x72 build/default/production/mcc_generated_files/uart/src/usart3.o
 .text.USART3_Read
                0x0000000000000000        0x6 build/default/production/mcc_generated_files/uart/src/usart3.o
 .text.USART3_Write
                0x0000000000000000        0x6 build/default/production/mcc_generated_files/uart/src/usart3.o
 .text.USART3_FramingErrorCallbackRegister
                0x0000000000000000        0xe build/default/production/mcc_generated_files/uart/src/usart3.o
 .text.USART3_OverrunErrorCallbackRegister
                0x0000000000000000        0xe build/default/production/mcc_generated_files/uart/src/usart3.o
 .text.USART3_ParityErrorCallbackRegister
                0x0000000000000000        0xe build/default/production/mcc_generated_files/uart/src/usart3.o
 .text.USART3_Enable
                0x0000000000000000        0xc build/default/production/mcc_generated_files/uart/src/usart3.o
 .text.USART3_Disable
                0x0000000000000000        0xc build/default/production/mcc_generated_files/uart/src/usart3.o
 .text.USART3_ReceiveEnable
                0x0000000000000000        0xc build/default/production/mcc_generated_files/uart/src/usart3.o
 .text.USART3_ReceiveDisable
                0x0000000000000000        0xc build/default/production/mcc_generated_files/uart/src/usart3.o
 .text.USART3_IsAutoBaudDetectError
                0x0000000000000000        0xc build/default/production/mcc_generated_files/uart/src/usart3.o
 .text.USART3_AutoBaudDetectErrorReset
                0x0000000000000000       0x28 build/default/production/mcc_generated_files/uart/src/usart3.o
 .rodata.UART3  0x0000000000000000       0x30 build/default/production/mcc_generated_files/uart/src/usart3.o
 .text          0x0000000000000000        0x0 build/default/production/mcc_generated_files/system/src/pins.o
 .data          0x0000000000000000        0x0 build/default/production/mcc_generated_files/system/src/pins.o
 .bss           0x0000000000000000        0x0 build/default/production/mcc_generated_files/system/src/pins.o
 .text.RX_pin_SetInterruptHandler
                0x0000000000000000        0xa build/default/production/mcc_generated_files/system/src/pins.o
 .text.TX_pin_SetInterruptHandler
                0x0000000000000000        0xa build/default/production/mcc_generated_files/system/src/pins.o
 .text          0x0000000000000000        0x0 build/default/production/mcc_generated_files/system/src/interrupt.o
 .data          0x0000000000000000        0x0 build/default/production/mcc_generated_files/system/src/interrupt.o
 .bss           0x0000000000000000        0x0 build/default/production/mcc_generated_files/system/src/interrupt.o
 .text          0x0000000000000000        0x0 build/default/production/mcc_generated_files/system/src/system.o
 .data          0x0000000000000000        0x0 build/default/production/mcc_generated_files/system/src/system.o
 .bss           0x0000000000000000        0x0 build/default/production/mcc_generated_files/system/src/system.o
 .text          0x0000000000000000        0x0 build/default/production/mcc_generated_files/system/src/protected_io.o
 .data          0x0000000000000000        0x0 build/default/production/mcc_generated_files/system/src/protected_io.o
 .bss           0x0000000000000000        0x0 build/default/production/mcc_generated_files/system/src/protected_io.o
 .text          0x0000000000000000        0x0 build/default/production/main.o
 .data          0x0000000000000000        0x0 build/default/production/main.o
 .bss           0x0000000000000000        0x0 build/default/production/main.o
 .text          0x0000000000000000        0x0 build/default/production/mcc_generated_files/system/src/clock.o
 .data          0x0000000000000000        0x0 build/default/production/mcc_generated_files/system/src/clock.o
 .bss           0x0000000000000000        0x0 build/default/production/mcc_generated_files/system/src/clock.o
 .text.CFD_Enable
                0x0000000000000000       0x10 build/default/production/mcc_generated_files/system/src/clock.o
 .text.CFD_Disable
                0x0000000000000000       0x12 build/default/production/mcc_generated_files/system/src/clock.o
 .text          0x0000000000000000        0x0 build/default/production/mcc_generated_files/system/src/config_bits.o
 .data          0x0000000000000000        0x0 build/default/production/mcc_generated_files/system/src/config_bits.o
 .bss           0x0000000000000000        0x0 build/default/production/mcc_generated_files/system/src/config_bits.o
 .text          0x0000000000000000        0x0 build/default/production/mcc_generated_files/timer/src/delay.o
 .data          0x0000000000000000        0x0 build/default/production/mcc_generated_files/timer/src/delay.o
 .bss           0x0000000000000000        0x0 build/default/production/mcc_generated_files/timer/src/delay.o
 .text.DELAY_milliseconds
                0x0000000000000000       0x16 build/default/production/mcc_generated_files/timer/src/delay.o
 .text.DELAY_microseconds
                0x0000000000000000       0x2c build/default/production/mcc_generated_files/timer/src/delay.o
 .debug_info    0x0000000000000000      0x460 build/default/production/mcc_generated_files/timer/src/delay.o
 .debug_abbrev  0x0000000000000000      0x12b build/default/production/mcc_generated_files/timer/src/delay.o
 .debug_loc     0x0000000000000000      0x15d build/default/production/mcc_generated_files/timer/src/delay.o
 .debug_aranges
                0x0000000000000000       0x28 build/default/production/mcc_generated_files/timer/src/delay.o
 .debug_ranges  0x0000000000000000       0x18 build/default/production/mcc_generated_files/timer/src/delay.o
 .debug_line    0x0000000000000000      0x13e build/default/production/mcc_generated_files/timer/src/delay.o
 .debug_str     0x0000000000000000       0x26 build/default/production/mcc_generated_files/timer/src/delay.o
 .comment       0x0000000000000000       0x30 build/default/production/mcc_generated_files/timer/src/delay.o
 .debug_frame   0x0000000000000000       0x34 build/default/production/mcc_generated_files/timer/src/delay.o
 .text          0x0000000000000000        0x0 c:/program files/microchip/xc8/v2.46/avr/bin/../lib/gcc/avr/5.4.0/avrxmega4/memx-const/mapped\libgcc.a(_copy_data.o)
 .data          0x0000000000000000        0x0 c:/program files/microchip/xc8/v2.46/avr/bin/../lib/gcc/avr/5.4.0/avrxmega4/memx-const/mapped\libgcc.a(_copy_data.o)
 .bss           0x0000000000000000        0x0 c:/program files/microchip/xc8/v2.46/avr/bin/../lib/gcc/avr/5.4.0/avrxmega4/memx-const/mapped\libgcc.a(_copy_data.o)
 .text.libgcc.mul
                0x0000000000000000        0x0 c:/program files/microchip/xc8/v2.46/avr/bin/../lib/gcc/avr/5.4.0/avrxmega4/memx-const/mapped\libgcc.a(_copy_data.o)
 .text.libgcc.div
                0x0000000000000000        0x0 c:/program files/microchip/xc8/v2.46/avr/bin/../lib/gcc/avr/5.4.0/avrxmega4/memx-const/mapped\libgcc.a(_copy_data.o)
 .text.libgcc   0x0000000000000000        0x0 c:/program files/microchip/xc8/v2.46/avr/bin/../lib/gcc/avr/5.4.0/avrxmega4/memx-const/mapped\libgcc.a(_copy_data.o)
 .text.libgcc.prologue
                0x0000000000000000        0x0 c:/program files/microchip/xc8/v2.46/avr/bin/../lib/gcc/avr/5.4.0/avrxmega4/memx-const/mapped\libgcc.a(_copy_data.o)
 .text.libgcc.builtins
                0x0000000000000000        0x0 c:/program files/microchip/xc8/v2.46/avr/bin/../lib/gcc/avr/5.4.0/avrxmega4/memx-const/mapped\libgcc.a(_copy_data.o)
 .text.libgcc.fmul
                0x0000000000000000        0x0 c:/program files/microchip/xc8/v2.46/avr/bin/../lib/gcc/avr/5.4.0/avrxmega4/memx-const/mapped\libgcc.a(_copy_data.o)
 .text.libgcc.fixed
                0x0000000000000000        0x0 c:/program files/microchip/xc8/v2.46/avr/bin/../lib/gcc/avr/5.4.0/avrxmega4/memx-const/mapped\libgcc.a(_copy_data.o)
 .text          0x0000000000000000        0x0 c:/program files/microchip/xc8/v2.46/avr/bin/../lib/gcc/avr/5.4.0/../../../../avr/lib/avrxmega4/memx-const/mapped\libc.a(exit.o)
 .data          0x0000000000000000        0x0 c:/program files/microchip/xc8/v2.46/avr/bin/../lib/gcc/avr/5.4.0/../../../../avr/lib/avrxmega4/memx-const/mapped\libc.a(exit.o)
 .bss           0x0000000000000000        0x0 c:/program files/microchip/xc8/v2.46/avr/bin/../lib/gcc/avr/5.4.0/../../../../avr/lib/avrxmega4/memx-const/mapped\libc.a(exit.o)
 .stack.descriptors
                0x0000000000000000       0x73 c:/program files/microchip/xc8/v2.46/avr/bin/../lib/gcc/avr/5.4.0/../../../../avr/lib/avrxmega4/memx-const/mapped\libc.a(exit.o)
 .text          0x0000000000000000        0x0 c:/program files/microchip/xc8/v2.46/avr/bin/../lib/gcc/avr/5.4.0/../../../../avr/lib/avrxmega4/memx-const/mapped\libc.a(puts.o)
 .data          0x0000000000000000        0x0 c:/program files/microchip/xc8/v2.46/avr/bin/../lib/gcc/avr/5.4.0/../../../../avr/lib/avrxmega4/memx-const/mapped\libc.a(puts.o)
 .bss           0x0000000000000000        0x0 c:/program files/microchip/xc8/v2.46/avr/bin/../lib/gcc/avr/5.4.0/../../../../avr/lib/avrxmega4/memx-const/mapped\libc.a(puts.o)
 .stack.descriptors
                0x0000000000000000       0x12 c:/program files/microchip/xc8/v2.46/avr/bin/../lib/gcc/avr/5.4.0/../../../../avr/lib/avrxmega4/memx-const/mapped\libc.a(puts.o)
 .text          0x0000000000000000        0x0 c:/program files/microchip/xc8/v2.46/avr/bin/../lib/gcc/avr/5.4.0/../../../../avr/lib/avrxmega4/memx-const/mapped\libc.a(stdout.o)
 .data          0x0000000000000000        0x0 c:/program files/microchip/xc8/v2.46/avr/bin/../lib/gcc/avr/5.4.0/../../../../avr/lib/avrxmega4/memx-const/mapped\libc.a(stdout.o)
 .bss           0x0000000000000000        0x0 c:/program files/microchip/xc8/v2.46/avr/bin/../lib/gcc/avr/5.4.0/../../../../avr/lib/avrxmega4/memx-const/mapped\libc.a(stdout.o)
 .stack.descriptors
                0x0000000000000000       0x1b c:/program files/microchip/xc8/v2.46/avr/bin/../lib/gcc/avr/5.4.0/../../../../avr/lib/avrxmega4/memx-const/mapped\libc.a(stdout.o)
 .text.__init_stdout
                0x0000000000000000       0x1e c:/program files/microchip/xc8/v2.46/avr/bin/../lib/gcc/avr/5.4.0/../../../../avr/lib/avrxmega4/memx-const/mapped\libc.a(stdout.o)
 .data.f        0x0000000000000000       0x10 c:/program files/microchip/xc8/v2.46/avr/bin/../lib/gcc/avr/5.4.0/../../../../avr/lib/avrxmega4/memx-const/mapped\libc.a(stdout.o)
 COMMON         0x0000000000000000        0x2 c:/program files/microchip/xc8/v2.46/avr/bin/../lib/gcc/avr/5.4.0/../../../../avr/lib/avrxmega4/memx-const/mapped\libc.a(stdout.o)
 .text          0x0000000000000000        0x0 c:/program files/microchip/xc8/v2.46/avr/bin/../lib/gcc/avr/5.4.0/../../../../avr/lib/avrxmega4/memx-const/mapped\libc.a(_Exit.o)
 .data          0x0000000000000000        0x0 c:/program files/microchip/xc8/v2.46/avr/bin/../lib/gcc/avr/5.4.0/../../../../avr/lib/avrxmega4/memx-const/mapped\libc.a(_Exit.o)
 .bss           0x0000000000000000        0x0 c:/program files/microchip/xc8/v2.46/avr/bin/../lib/gcc/avr/5.4.0/../../../../avr/lib/avrxmega4/memx-const/mapped\libc.a(_Exit.o)
 .stack.descriptors
                0x0000000000000000       0x13 c:/program files/microchip/xc8/v2.46/avr/bin/../lib/gcc/avr/5.4.0/../../../../avr/lib/avrxmega4/memx-const/mapped\libc.a(_Exit.o)
 .text          0x0000000000000000        0x0 c:/program files/microchip/xc8/v2.46/avr/bin/../lib/gcc/avr/5.4.0/../../../../avr/lib/avrxmega4/memx-const/mapped\libc.a(fputs.o)
 .data          0x0000000000000000        0x0 c:/program files/microchip/xc8/v2.46/avr/bin/../lib/gcc/avr/5.4.0/../../../../avr/lib/avrxmega4/memx-const/mapped\libc.a(fputs.o)
 .bss           0x0000000000000000        0x0 c:/program files/microchip/xc8/v2.46/avr/bin/../lib/gcc/avr/5.4.0/../../../../avr/lib/avrxmega4/memx-const/mapped\libc.a(fputs.o)
 .stack.descriptors
                0x0000000000000000       0x13 c:/program files/microchip/xc8/v2.46/avr/bin/../lib/gcc/avr/5.4.0/../../../../avr/lib/avrxmega4/memx-const/mapped\libc.a(fputs.o)
 .text          0x0000000000000000        0x0 c:/program files/microchip/xc8/v2.46/avr/bin/../lib/gcc/avr/5.4.0/avrxmega4/memx-const/mapped\libgcc.a(_exit.o)
 .data          0x0000000000000000        0x0 c:/program files/microchip/xc8/v2.46/avr/bin/../lib/gcc/avr/5.4.0/avrxmega4/memx-const/mapped\libgcc.a(_exit.o)
 .bss           0x0000000000000000        0x0 c:/program files/microchip/xc8/v2.46/avr/bin/../lib/gcc/avr/5.4.0/avrxmega4/memx-const/mapped\libgcc.a(_exit.o)
 .text.libgcc.mul
                0x0000000000000000        0x0 c:/program files/microchip/xc8/v2.46/avr/bin/../lib/gcc/avr/5.4.0/avrxmega4/memx-const/mapped\libgcc.a(_exit.o)
 .text.libgcc.div
                0x0000000000000000        0x0 c:/program files/microchip/xc8/v2.46/avr/bin/../lib/gcc/avr/5.4.0/avrxmega4/memx-const/mapped\libgcc.a(_exit.o)
 .text.libgcc   0x0000000000000000        0x0 c:/program files/microchip/xc8/v2.46/avr/bin/../lib/gcc/avr/5.4.0/avrxmega4/memx-const/mapped\libgcc.a(_exit.o)
 .text.libgcc.prologue
                0x0000000000000000        0x0 c:/program files/microchip/xc8/v2.46/avr/bin/../lib/gcc/avr/5.4.0/avrxmega4/memx-const/mapped\libgcc.a(_exit.o)
 .stack.descriptors
                0x0000000000000000       0x13 c:/program files/microchip/xc8/v2.46/avr/bin/../lib/gcc/avr/5.4.0/avrxmega4/memx-const/mapped\libgcc.a(_exit.o)
 .text.libgcc.builtins
                0x0000000000000000        0x0 c:/program files/microchip/xc8/v2.46/avr/bin/../lib/gcc/avr/5.4.0/avrxmega4/memx-const/mapped\libgcc.a(_exit.o)
 .text.libgcc.fmul
                0x0000000000000000        0x0 c:/program files/microchip/xc8/v2.46/avr/bin/../lib/gcc/avr/5.4.0/avrxmega4/memx-const/mapped\libgcc.a(_exit.o)
 .text.libgcc.fixed
                0x0000000000000000        0x0 c:/program files/microchip/xc8/v2.46/avr/bin/../lib/gcc/avr/5.4.0/avrxmega4/memx-const/mapped\libgcc.a(_exit.o)

Memory Configuration

Name             Origin             Length             Attributes
text             0x0000000000000000 0x0000000000020000 xr
data             0x0000000000804000 0x0000000000004000 rw !x
eeprom           0x0000000000810000 0x0000000000000200 rw !x
fuse             0x0000000000820000 0x0000000000000010 rw !x
lock             0x0000000000830000 0x0000000000000400 rw !x
signature        0x0000000000840000 0x0000000000000400 rw !x
user_signatures  0x0000000000850000 0x0000000000000400 rw !x
bootrow          0x0000000000860000 0x0000000000000400 rw !x
*default*        0x0000000000000000 0xffffffffffffffff

Linker script and memory map

Address of section .data set to 0x804000
                0x0000000000008000                __RODATA_PM_OFFSET__ = 0x8000
LOAD C:/Program Files/Microchip/MPLABX/v6.20/packs/Microchip/AVR-Dx_DFP/2.4.286/xc8/avr/lib/avrxmega4/memx-const/mapped/crtavr128db48.o
                0x0000000000000001                __MPLAB_BUILD = 0x1
LOAD build/default/production/mcc_generated_files/uart/src/usart3.o
LOAD build/default/production/mcc_generated_files/system/src/pins.o
LOAD build/default/production/mcc_generated_files/system/src/interrupt.o
LOAD build/default/production/mcc_generated_files/system/src/system.o
LOAD build/default/production/mcc_generated_files/system/src/protected_io.o
LOAD build/default/production/main.o
LOAD build/default/production/mcc_generated_files/system/src/clock.o
LOAD build/default/production/mcc_generated_files/system/src/config_bits.o
LOAD build/default/production/mcc_generated_files/timer/src/delay.o
START GROUP
LOAD c:/program files/microchip/xc8/v2.46/avr/bin/../lib/gcc/avr/5.4.0/../../../../avr/lib/avrxmega4/memx-const/mapped\libm.a
END GROUP
START GROUP
LOAD c:/program files/microchip/xc8/v2.46/avr/bin/../lib/gcc/avr/5.4.0/avrxmega4/memx-const/mapped\libgcc.a
LOAD c:/program files/microchip/xc8/v2.46/avr/bin/../lib/gcc/avr/5.4.0/../../../../avr/lib/avrxmega4/memx-const/mapped\libm.a
LOAD c:/program files/microchip/xc8/v2.46/avr/bin/../lib/gcc/avr/5.4.0/../../../../avr/lib/avrxmega4/memx-const/mapped\libc.a
LOAD C:/Program Files/Microchip/MPLABX/v6.20/packs/Microchip/AVR-Dx_DFP/2.4.286/xc8/avr/lib/avrxmega4/memx-const/mapped\libavr128db48.a
END GROUP
                [0x0000000000000000]                __TEXT_REGION_ORIGIN__ = DEFINED (__TEXT_REGION_ORIGIN__)?__TEXT_REGION_ORIGIN__:0x0
                [0x0000000000804000]                __DATA_REGION_ORIGIN__ = DEFINED (__DATA_REGION_ORIGIN__)?__DATA_REGION_ORIGIN__:0x802000
                [0x0000000000020000]                __TEXT_REGION_LENGTH__ = DEFINED (__TEXT_REGION_LENGTH__)?__TEXT_REGION_LENGTH__:0x100000
                [0x0000000000004000]                __DATA_REGION_LENGTH__ = DEFINED (__DATA_REGION_LENGTH__)?__DATA_REGION_LENGTH__:0xffa0
                [0x0000000000000200]                __EEPROM_REGION_LENGTH__ = DEFINED (__EEPROM_REGION_LENGTH__)?__EEPROM_REGION_LENGTH__:0x10000
                [0x0000000000000010]                __FUSE_REGION_LENGTH__ = DEFINED (__FUSE_REGION_LENGTH__)?__FUSE_REGION_LENGTH__:0x400
                0x0000000000000400                __LOCK_REGION_LENGTH__ = DEFINED (__LOCK_REGION_LENGTH__)?__LOCK_REGION_LENGTH__:0x400
                0x0000000000000400                __SIGNATURE_REGION_LENGTH__ = DEFINED (__SIGNATURE_REGION_LENGTH__)?__SIGNATURE_REGION_LENGTH__:0x400
                0x0000000000000400                __USER_SIGNATURE_REGION_LENGTH__ = DEFINED (__USER_SIGNATURE_REGION_LENGTH__)?__USER_SIGNATURE_REGION_LENGTH__:0x400
                0x0000000000000400                __BOOTROW_REGION_LENGTH__ = DEFINED (__BOOTROW_REGION_LENGTH__)?__BOOTROW_REGION_LENGTH__:0x400

.hash
 *(.hash)

.dynsym
 *(.dynsym)

.dynstr
 *(.dynstr)

.gnu.version
 *(.gnu.version)

.gnu.version_d
 *(.gnu.version_d)

.gnu.version_r
 *(.gnu.version_r)

.rel.init
 *(.rel.init)

.rela.init
 *(.rela.init)

.rel.text
 *(.rel.text)
 *(.rel.text.*)
 *(.rel.gnu.linkonce.t*)

.rela.text
 *(.rela.text)
 *(.rela.text.*)
 *(.rela.gnu.linkonce.t*)

.rel.fini
 *(.rel.fini)

.rela.fini
 *(.rela.fini)

.rel.rodata
 *(.rel.rodata)
 *(.rel.rodata.*)
 *(.rel.gnu.linkonce.r*)

.rela.rodata
 *(.rela.rodata)
 *(.rela.rodata.*)
 *(.rela.gnu.linkonce.r*)

.rel.data
 *(.rel.data)
 *(.rel.data.*)
 *(.rel.gnu.linkonce.d*)

.rela.data
 *(.rela.data)
 *(.rela.data.*)
 *(.rela.gnu.linkonce.d*)

.rel.ctors
 *(.rel.ctors)

.rela.ctors
 *(.rela.ctors)

.rel.dtors
 *(.rel.dtors)

.rela.dtors
 *(.rela.dtors)

.rel.got
 *(.rel.got)

.rela.got
 *(.rela.got)

.rel.bss
 *(.rel.bss)

.rela.bss
 *(.rela.bss)

.rel.plt
 *(.rel.plt)

.rela.plt
 *(.rela.plt)

.text           0x0000000000000000      0x176
 *(.vectors)
 .vectors       0x0000000000000000       0xf4 C:/Program Files/Microchip/MPLABX/v6.20/packs/Microchip/AVR-Dx_DFP/2.4.286/xc8/avr/lib/avrxmega4/memx-const/mapped/crtavr128db48.o
                0x0000000000000000                __vector_default
                0x0000000000000000                __vectors
 *(.vectors)
 *(.progmem.gcc*)
 *(.dinit)
 .dinit         0x00000000000000f4       0x18 data_init
                0x000000000000010c                . = ALIGN (0x2)
 *fill*         0x000000000000010c        0x0 
                0x000000000000010c                __trampolines_start = .
 *(.trampolines)
 .trampolines   0x000000000000010c        0x0 linker stubs
 *(.trampolines*)
                0x000000000000010c                __trampolines_end = .
 *libprintf_flt.a:*(.progmem.data)
 *libc.a:*(.progmem.data)
                0x000000000000010c                . = ALIGN (0x2)
 *(.jumptables)
 *(.jumptables*)
 *(.lowtext)
 *(.lowtext*)
                0x000000000000010c                __ctors_start = .
 *(.ctors)
                0x000000000000010c                __ctors_end = .
                0x000000000000010c                __dtors_start = .
 *(.dtors)
                0x000000000000010c                __dtors_end = .
 SORT(*)(.ctors)
 SORT(*)(.dtors)
 *(.init0)
 .init0         0x000000000000010c        0x0 C:/Program Files/Microchip/MPLABX/v6.20/packs/Microchip/AVR-Dx_DFP/2.4.286/xc8/avr/lib/avrxmega4/memx-const/mapped/crtavr128db48.o
                0x000000000000010c                __init
 *(.init0)
 *(.init1)
 .init1         0x000000000000010c       0x12 C:/Program Files/Microchip/MPLABX/v6.20/packs/Microchip/AVR-Dx_DFP/2.4.286/xc8/avr/lib/avrxmega4/memx-const/mapped/crtavr128db48.o
 *(.init1)
 *(.init2)
 .init2         0x000000000000011e        0xc C:/Program Files/Microchip/MPLABX/v6.20/packs/Microchip/AVR-Dx_DFP/2.4.286/xc8/avr/lib/avrxmega4/memx-const/mapped/crtavr128db48.o
 *(.init2)
 *(.init3)
 *(.init3)
 *(.init4)
 .init4         0x000000000000012a       0x40 c:/program files/microchip/xc8/v2.46/avr/bin/../lib/gcc/avr/5.4.0/avrxmega4/memx-const/mapped\libgcc.a(_copy_data.o)
                0x000000000000012a                __do_copy_data
                0x000000000000015c                __do_clear_bss
 *(.init4)
 *(.init5)
 *(.init5)
 *(.init6)
 *(.init6)
 *(.init7)
 *(.init7)
 *(.init8)
 *(.init8)
 *(.init9)
 .init9         0x000000000000016a        0x8 C:/Program Files/Microchip/MPLABX/v6.20/packs/Microchip/AVR-Dx_DFP/2.4.286/xc8/avr/lib/avrxmega4/memx-const/mapped/crtavr128db48.o
 *(.init9)
                0x0000000000000172                . = ALIGN (0x2)
 *(.fini9)
 .fini9         0x0000000000000172        0x0 c:/program files/microchip/xc8/v2.46/avr/bin/../lib/gcc/avr/5.4.0/avrxmega4/memx-const/mapped\libgcc.a(_exit.o)
                0x0000000000000172                _exit
 *(.fini9)
 *(.fini8)
 *(.fini8)
 *(.fini7)
 *(.fini7)
 *(.fini6)
 *(.fini6)
 *(.fini5)
 *(.fini5)
 *(.fini4)
 *(.fini4)
 *(.fini3)
 *(.fini3)
 *(.fini2)
 *(.fini2)
 *(.fini1)
 *(.fini1)
 *(.fini0)
 .fini0         0x0000000000000172        0x4 c:/program files/microchip/xc8/v2.46/avr/bin/../lib/gcc/avr/5.4.0/avrxmega4/memx-const/mapped\libgcc.a(_exit.o)
 *(.fini0)
                0x0000000000000176                _etext = .

.data           0x0000000000804000        0x0 load address 0x0000000000000176
                [!provide]                        PROVIDE (__data_start, .)
 *(.gnu.linkonce.d*)
 *(.gnu.linkonce.r*)
                0x0000000000804000                . = ALIGN (0x2)
                0x0000000000804000                _edata = .
                [!provide]                        PROVIDE (__data_end, .)

.bss            0x0000000000804000        0x0
                [!provide]                        PROVIDE (__bss_start, .)
 *(COMMON)
                [!provide]                        PROVIDE (__bss_end, .)
                0x0000000000000176                __data_load_start = LOADADDR (.data)
                0x0000000000000176                __data_load_end = (__data_load_start + SIZEOF (.data))

.noinit         0x0000000000804000        0x0
                [!provide]                        PROVIDE (__noinit_start, .)
 *(.noinit*)
                [!provide]                        PROVIDE (__noinit_end, .)
                0x0000000000804000                _end = .

.eeprom         0x0000000000810000        0x0
 *(.eeprom*)
                0x0000000000810000                __eeprom_end = .

.fuse           0x0000000000820000        0x9
 *(.fuse)
 .fuse          0x0000000000820000        0x9 build/default/production/mcc_generated_files/system/src/config_bits.o
                0x0000000000820000                __fuse
 *(.lfuse)
 *(.hfuse)
 *(.efuse)

.lock
 *(.lock*)

.signature
 *(.signature*)

.user_signatures
 *(.user_signatures*)

.bootrow
 *(.bootrow*)

.stab
 *(.stab)

.stabstr
 *(.stabstr)

.stab.excl
 *(.stab.excl)

.stab.exclstr
 *(.stab.exclstr)

.stab.index
 *(.stab.index)

.stab.indexstr
 *(.stab.indexstr)

.comment        0x0000000000000000       0x5b
 *(.comment)
 .comment       0x0000000000000000       0x2f build/default/production/mcc_generated_files/uart/src/usart3.o
                                         0x30 (size before relaxing)
 .comment       0x000000000000002f       0x30 build/default/production/mcc_generated_files/system/src/pins.o
 .comment       0x000000000000002f       0x30 build/default/production/mcc_generated_files/system/src/interrupt.o
 .comment       0x000000000000002f       0x30 build/default/production/mcc_generated_files/system/src/system.o
 .comment       0x000000000000002f       0x30 build/default/production/main.o
 .comment       0x000000000000002f       0x30 build/default/production/mcc_generated_files/system/src/clock.o
 .comment       0x000000000000002f       0x30 build/default/production/mcc_generated_files/system/src/config_bits.o
 .comment       0x000000000000002f       0x2c c:/program files/microchip/xc8/v2.46/avr/bin/../lib/gcc/avr/5.4.0/../../../../avr/lib/avrxmega4/memx-const/mapped\libc.a(exit.o)
                                         0x2d (size before relaxing)
 .comment       0x000000000000005b       0x2d c:/program files/microchip/xc8/v2.46/avr/bin/../lib/gcc/avr/5.4.0/../../../../avr/lib/avrxmega4/memx-const/mapped\libc.a(puts.o)
 .comment       0x000000000000005b       0x2d c:/program files/microchip/xc8/v2.46/avr/bin/../lib/gcc/avr/5.4.0/../../../../avr/lib/avrxmega4/memx-const/mapped\libc.a(stdout.o)
 .comment       0x000000000000005b       0x2d c:/program files/microchip/xc8/v2.46/avr/bin/../lib/gcc/avr/5.4.0/../../../../avr/lib/avrxmega4/memx-const/mapped\libc.a(_Exit.o)
 .comment       0x000000000000005b       0x2d c:/program files/microchip/xc8/v2.46/avr/bin/../lib/gcc/avr/5.4.0/../../../../avr/lib/avrxmega4/memx-const/mapped\libc.a(fputs.o)

.stack.descriptors.hdr
                0x0000000000000000       0x54
 .stack.descriptors.hdr
                0x0000000000000000        0xe c:/program files/microchip/xc8/v2.46/avr/bin/../lib/gcc/avr/5.4.0/../../../../avr/lib/avrxmega4/memx-const/mapped\libc.a(exit.o)
 .stack.descriptors.hdr
                0x000000000000000e        0xe c:/program files/microchip/xc8/v2.46/avr/bin/../lib/gcc/avr/5.4.0/../../../../avr/lib/avrxmega4/memx-const/mapped\libc.a(puts.o)
 .stack.descriptors.hdr
                0x000000000000001c        0xe c:/program files/microchip/xc8/v2.46/avr/bin/../lib/gcc/avr/5.4.0/../../../../avr/lib/avrxmega4/memx-const/mapped\libc.a(stdout.o)
 .stack.descriptors.hdr
                0x000000000000002a        0xe c:/program files/microchip/xc8/v2.46/avr/bin/../lib/gcc/avr/5.4.0/../../../../avr/lib/avrxmega4/memx-const/mapped\libc.a(_Exit.o)
 .stack.descriptors.hdr
                0x0000000000000038        0xe c:/program files/microchip/xc8/v2.46/avr/bin/../lib/gcc/avr/5.4.0/../../../../avr/lib/avrxmega4/memx-const/mapped\libc.a(fputs.o)
 .stack.descriptors.hdr
                0x0000000000000046        0xe c:/program files/microchip/xc8/v2.46/avr/bin/../lib/gcc/avr/5.4.0/avrxmega4/memx-const/mapped\libgcc.a(_exit.o)

.note.GNU-stack
                0x0000000000000000        0x0
 .note.GNU-stack
                0x0000000000000000        0x0 c:/program files/microchip/xc8/v2.46/avr/bin/../lib/gcc/avr/5.4.0/../../../../avr/lib/avrxmega4/memx-const/mapped\libc.a(exit.o)
 .note.GNU-stack
                0x0000000000000000        0x0 c:/program files/microchip/xc8/v2.46/avr/bin/../lib/gcc/avr/5.4.0/../../../../avr/lib/avrxmega4/memx-const/mapped\libc.a(puts.o)
 .note.GNU-stack
                0x0000000000000000        0x0 c:/program files/microchip/xc8/v2.46/avr/bin/../lib/gcc/avr/5.4.0/../../../../avr/lib/avrxmega4/memx-const/mapped\libc.a(stdout.o)
 .note.GNU-stack
                0x0000000000000000        0x0 c:/program files/microchip/xc8/v2.46/avr/bin/../lib/gcc/avr/5.4.0/../../../../avr/lib/avrxmega4/memx-const/mapped\libc.a(_Exit.o)
 .note.GNU-stack
                0x0000000000000000        0x0 c:/program files/microchip/xc8/v2.46/avr/bin/../lib/gcc/avr/5.4.0/../../../../avr/lib/avrxmega4/memx-const/mapped\libc.a(fputs.o)

.note.gnu.build-id
 *(.note.gnu.build-id)

.debug
 *(.debug)

.line
 *(.line)

.debug_srcinfo
 *(.debug_srcinfo)

.debug_sfnames
 *(.debug_sfnames)

.debug_aranges  0x0000000000000000      0x218
 *(.debug_aranges)
 .debug_aranges
                0x0000000000000000       0xe0 build/default/production/mcc_generated_files/uart/src/usart3.o
 .debug_aranges
                0x00000000000000e0       0x70 build/default/production/mcc_generated_files/system/src/pins.o
 .debug_aranges
                0x0000000000000150       0x20 build/default/production/mcc_generated_files/system/src/interrupt.o
 .debug_aranges
                0x0000000000000170       0x20 build/default/production/mcc_generated_files/system/src/system.o
 .debug_aranges
                0x0000000000000190       0x20 build/default/production/mcc_generated_files/system/src/protected_io.o
 .debug_aranges
                0x00000000000001b0       0x20 build/default/production/main.o
 .debug_aranges
                0x00000000000001d0       0x30 build/default/production/mcc_generated_files/system/src/clock.o
 .debug_aranges
                0x0000000000000200       0x18 build/default/production/mcc_generated_files/system/src/config_bits.o

.debug_pubnames
 *(.debug_pubnames)

.debug_info     0x0000000000000000     0x7036
 *(.debug_info .gnu.linkonce.wi.*)
 .debug_info    0x0000000000000000     0x3545 C:/Program Files/Microchip/MPLABX/v6.20/packs/Microchip/AVR-Dx_DFP/2.4.286/xc8/avr/lib/avrxmega4/memx-const/mapped/crtavr128db48.o
 .debug_info    0x0000000000003545      0xf5e build/default/production/mcc_generated_files/uart/src/usart3.o
 .debug_info    0x00000000000044a3      0x872 build/default/production/mcc_generated_files/system/src/pins.o
 .debug_info    0x0000000000004d15      0x409 build/default/production/mcc_generated_files/system/src/interrupt.o
 .debug_info    0x000000000000511e      0x322 build/default/production/mcc_generated_files/system/src/system.o
 .debug_info    0x0000000000005440       0x8f build/default/production/mcc_generated_files/system/src/protected_io.o
 .debug_info    0x00000000000054cf      0x3a2 build/default/production/main.o
 .debug_info    0x0000000000005871      0xf10 build/default/production/mcc_generated_files/system/src/clock.o
 .debug_info    0x0000000000006781      0x8b5 build/default/production/mcc_generated_files/system/src/config_bits.o

.debug_abbrev   0x0000000000000000     0x3ace
 *(.debug_abbrev)
 .debug_abbrev  0x0000000000000000     0x3274 C:/Program Files/Microchip/MPLABX/v6.20/packs/Microchip/AVR-Dx_DFP/2.4.286/xc8/avr/lib/avrxmega4/memx-const/mapped/crtavr128db48.o
 .debug_abbrev  0x0000000000003274      0x2d7 build/default/production/mcc_generated_files/uart/src/usart3.o
 .debug_abbrev  0x000000000000354b      0x14a build/default/production/mcc_generated_files/system/src/pins.o
 .debug_abbrev  0x0000000000003695       0xfa build/default/production/mcc_generated_files/system/src/interrupt.o
 .debug_abbrev  0x000000000000378f       0x58 build/default/production/mcc_generated_files/system/src/system.o
 .debug_abbrev  0x00000000000037e7       0x14 build/default/production/mcc_generated_files/system/src/protected_io.o
 .debug_abbrev  0x00000000000037fb      0x107 build/default/production/main.o
 .debug_abbrev  0x0000000000003902      0x135 build/default/production/mcc_generated_files/system/src/clock.o
 .debug_abbrev  0x0000000000003a37       0x97 build/default/production/mcc_generated_files/system/src/config_bits.o

.debug_line     0x0000000000000000     0x120b
 *(.debug_line .debug_line.* .debug_line_end)
 .debug_line    0x0000000000000000      0x240 C:/Program Files/Microchip/MPLABX/v6.20/packs/Microchip/AVR-Dx_DFP/2.4.286/xc8/avr/lib/avrxmega4/memx-const/mapped/crtavr128db48.o
 .debug_line    0x0000000000000240      0x505 build/default/production/mcc_generated_files/uart/src/usart3.o
 .debug_line    0x0000000000000745      0x3e4 build/default/production/mcc_generated_files/system/src/pins.o
 .debug_line    0x0000000000000b29      0x196 build/default/production/mcc_generated_files/system/src/interrupt.o
 .debug_line    0x0000000000000cbf       0xf3 build/default/production/mcc_generated_files/system/src/system.o
 .debug_line    0x0000000000000db2       0x73 build/default/production/mcc_generated_files/system/src/protected_io.o
 .debug_line    0x0000000000000e25      0x113 build/default/production/main.o
 .debug_line    0x0000000000000f38      0x1d0 build/default/production/mcc_generated_files/system/src/clock.o
 .debug_line    0x0000000000001108      0x103 build/default/production/mcc_generated_files/system/src/config_bits.o

.debug_frame    0x0000000000000000      0x37c
 *(.debug_frame)
 .debug_frame   0x0000000000000000      0x1ac build/default/production/mcc_generated_files/uart/src/usart3.o
 .debug_frame   0x00000000000001ac      0x120 build/default/production/mcc_generated_files/system/src/pins.o
 .debug_frame   0x00000000000002cc       0x24 build/default/production/mcc_generated_files/system/src/interrupt.o
 .debug_frame   0x00000000000002f0       0x24 build/default/production/mcc_generated_files/system/src/system.o
 .debug_frame   0x0000000000000314       0x24 build/default/production/main.o
 .debug_frame   0x0000000000000338       0x44 build/default/production/mcc_generated_files/system/src/clock.o

.debug_str      0x0000000000000000     0x17c8
 *(.debug_str)
 .debug_str     0x0000000000000000     0x170f C:/Program Files/Microchip/MPLABX/v6.20/packs/Microchip/AVR-Dx_DFP/2.4.286/xc8/avr/lib/avrxmega4/memx-const/mapped/crtavr128db48.o
 .debug_str     0x000000000000170f       0x10 build/default/production/mcc_generated_files/uart/src/usart3.o
 .debug_str     0x000000000000171f       0x25 build/default/production/mcc_generated_files/system/src/pins.o
 .debug_str     0x0000000000001744       0x13 build/default/production/mcc_generated_files/system/src/interrupt.o
 .debug_str     0x0000000000001757       0x4c build/default/production/mcc_generated_files/system/src/system.o
 .debug_str     0x00000000000017a3       0x12 build/default/production/main.o
 .debug_str     0x00000000000017b5       0x13 build/default/production/mcc_generated_files/system/src/clock.o
 .debug_str     0x00000000000017c8        0x0 build/default/production/mcc_generated_files/system/src/config_bits.o

.debug_loc      0x0000000000000000      0x302
 *(.debug_loc)
 .debug_loc     0x0000000000000000       0x9e build/default/production/mcc_generated_files/uart/src/usart3.o
 .debug_loc     0x000000000000009e       0x2a build/default/production/mcc_generated_files/system/src/interrupt.o
 .debug_loc     0x00000000000000c8      0x23a build/default/production/mcc_generated_files/system/src/clock.o

.debug_macinfo
 *(.debug_macinfo)

.debug_weaknames
 *(.debug_weaknames)

.debug_funcnames
 *(.debug_funcnames)

.debug_typenames
 *(.debug_typenames)

.debug_varnames
 *(.debug_varnames)

.debug_pubtypes
 *(.debug_pubtypes)

.debug_ranges   0x0000000000000000      0x180
 *(.debug_ranges)
 .debug_ranges  0x0000000000000000       0xd0 build/default/production/mcc_generated_files/uart/src/usart3.o
 .debug_ranges  0x00000000000000d0       0x60 build/default/production/mcc_generated_files/system/src/pins.o
 .debug_ranges  0x0000000000000130       0x10 build/default/production/mcc_generated_files/system/src/interrupt.o
 .debug_ranges  0x0000000000000140       0x10 build/default/production/mcc_generated_files/system/src/system.o
 .debug_ranges  0x0000000000000150       0x10 build/default/production/main.o
 .debug_ranges  0x0000000000000160       0x20 build/default/production/mcc_generated_files/system/src/clock.o

.debug_macro
 *(.debug_macro)
OUTPUT(dist/default/production/serialComms.X.production.elf elf32-avr)
LOAD linker stubs
LOAD data_init

.note.gnu.avr.deviceinfo
                0x0000000000000000       0x40
 .note.gnu.avr.deviceinfo
                0x0000000000000000       0x40 C:/Program Files/Microchip/MPLABX/v6.20/packs/Microchip/AVR-Dx_DFP/2.4.286/xc8/avr/lib/avrxmega4/memx-const/mapped/crtavr128db48.o

.bss.USART3_ParityErrorHandler
                0x0000000000804010        0x2
 .bss.USART3_ParityErrorHandler
                0x0000000000804010        0x2 build/default/production/mcc_generated_files/uart/src/usart3.o
                0x0000000000804010                USART3_ParityErrorHandler

.bss.USART3_OverrunErrorHandler
                0x0000000000804012        0x2
 .bss.USART3_OverrunErrorHandler
                0x0000000000804012        0x2 build/default/production/mcc_generated_files/uart/src/usart3.o
                0x0000000000804012                USART3_OverrunErrorHandler

.bss.USART3_FramingErrorHandler
                0x0000000000804014        0x2
 .bss.USART3_FramingErrorHandler
                0x0000000000804014        0x2 build/default/production/mcc_generated_files/uart/src/usart3.o
                0x0000000000804014                USART3_FramingErrorHandler

.bss.usart3RxLastError
                0x0000000000804016        0x2
 .bss.usart3RxLastError
                0x0000000000804016        0x2 build/default/production/mcc_generated_files/uart/src/usart3.o

.bss.TX_pin_InterruptHandler
                0x0000000000804018        0x2
 .bss.TX_pin_InterruptHandler
                0x0000000000804018        0x2 build/default/production/mcc_generated_files/system/src/pins.o

.bss.RX_pin_InterruptHandler
                0x000000000080401a        0x2
 .bss.RX_pin_InterruptHandler
                0x000000000080401a        0x2 build/default/production/mcc_generated_files/system/src/pins.o

.bss.__stdout   0x000000000080401e        0x2
 .bss.__stdout  0x000000000080401e        0x2 c:/program files/microchip/xc8/v2.46/avr/bin/../lib/gcc/avr/5.4.0/../../../../avr/lib/avrxmega4/memx-const/mapped\libc.a(stdout.o)

.rodata         0x0000000000808176        0x6 load address 0x0000000000000176
 .rodata        0x0000000000808176        0x6 build/default/production/main.o

.text.PIN_MANAGER_Initialize
                0x000000000000017c      0x110
 .text.PIN_MANAGER_Initialize
                0x000000000000017c      0x110 build/default/production/mcc_generated_files/system/src/pins.o
                0x000000000000017c                PIN_MANAGER_Initialize

.text.CLOCK_Initialize
                0x000000000000028c       0x90
 .text.CLOCK_Initialize
                0x000000000000028c       0x90 build/default/production/mcc_generated_files/system/src/clock.o
                0x000000000000028c                CLOCK_Initialize

.text.__vector_45
                0x000000000000031c       0x6c
 .text.__vector_45
                0x000000000000031c       0x6c build/default/production/mcc_generated_files/system/src/pins.o
                0x000000000000031c                __vector_45

.text.fputs     0x0000000000000388       0x64
 .text.fputs    0x0000000000000388       0x64 c:/program files/microchip/xc8/v2.46/avr/bin/../lib/gcc/avr/5.4.0/../../../../avr/lib/avrxmega4/memx-const/mapped\libc.a(fputs.o)
                0x0000000000000388                fputs
                0x0000000000000388                fputs_unlocked

.text.USART3_Initialize
                0x00000000000003ec       0x5c
 .text.USART3_Initialize
                0x00000000000003ec       0x5c build/default/production/mcc_generated_files/uart/src/usart3.o
                0x00000000000003ec                USART3_Initialize

.text.main      0x0000000000000448       0x20
 .text.main     0x0000000000000448       0x20 build/default/production/main.o
                0x0000000000000448                main

.text.USART3_printCHAR
                0x0000000000000468       0x18
 .text.USART3_printCHAR
                0x0000000000000468       0x18 build/default/production/mcc_generated_files/uart/src/usart3.o
                0x0000000000000468                USART3_printCHAR

.text.CPUINT_Initialize
                0x0000000000000480       0x18
 .text.CPUINT_Initialize
                0x0000000000000480       0x18 build/default/production/mcc_generated_files/system/src/interrupt.o
                0x0000000000000480                CPUINT_Initialize

.text.exit      0x0000000000000498       0x16
 .text.exit     0x0000000000000498       0x16 c:/program files/microchip/xc8/v2.46/avr/bin/../lib/gcc/avr/5.4.0/../../../../avr/lib/avrxmega4/memx-const/mapped\libc.a(exit.o)
                0x0000000000000498                exit

.text.SYSTEM_Initialize
                0x00000000000004ae       0x12
 .text.SYSTEM_Initialize
                0x00000000000004ae       0x12 build/default/production/mcc_generated_files/system/src/system.o
                0x00000000000004ae                SYSTEM_Initialize

.text.puts      0x00000000000004c0       0x12
 .text.puts     0x00000000000004c0       0x12 c:/program files/microchip/xc8/v2.46/avr/bin/../lib/gcc/avr/5.4.0/../../../../avr/lib/avrxmega4/memx-const/mapped\libc.a(puts.o)
                0x00000000000004c0                puts

.text.USART3_IsTxReady
                0x00000000000004d2        0xc
 .text.USART3_IsTxReady
                0x00000000000004d2        0xc build/default/production/mcc_generated_files/uart/src/usart3.o
                0x00000000000004d2                USART3_IsTxReady

.text.__vector_8
                0x00000000000004de        0xa
 .text.__vector_8
                0x00000000000004de        0xa build/default/production/mcc_generated_files/system/src/pins.o
                0x00000000000004de                __vector_8

.text.__vector_30
                0x00000000000004e8        0xa
 .text.__vector_30
                0x00000000000004e8        0xa build/default/production/mcc_generated_files/system/src/pins.o
                0x00000000000004e8                __vector_30

.text.__vector_24
                0x00000000000004f2        0xa
 .text.__vector_24
                0x00000000000004f2        0xa build/default/production/mcc_generated_files/system/src/pins.o
                0x00000000000004f2                __vector_24

.text.__vector_46
                0x00000000000004fc        0xa
 .text.__vector_46
                0x00000000000004fc        0xa build/default/production/mcc_generated_files/system/src/pins.o
                0x00000000000004fc                __vector_46

.text.__vector_35
                0x0000000000000506        0xa
 .text.__vector_35
                0x0000000000000506        0xa build/default/production/mcc_generated_files/system/src/pins.o
                0x0000000000000506                __vector_35

.text.protected_write_io
                0x0000000000000510        0xa
 .text.protected_write_io
                0x0000000000000510        0xa build/default/production/mcc_generated_files/system/src/protected_io.o
                0x0000000000000510                protected_write_io

.text           0x000000000000051a        0x4
 .text          0x000000000000051a        0x4 C:/Program Files/Microchip/MPLABX/v6.20/packs/Microchip/AVR-Dx_DFP/2.4.286/xc8/avr/lib/avrxmega4/memx-const/mapped/crtavr128db48.o
                0x000000000000051a                __vector_38
                0x000000000000051a                __vector_22
                0x000000000000051a                __vector_28
                0x000000000000051a                __vector_1
                0x000000000000051a                __vector_32
                0x000000000000051a                __vector_34
                0x000000000000051a                __vector_12
                0x000000000000051a                __vector_55
                0x000000000000051a                __bad_interrupt
                0x000000000000051a                __vector_6
                0x000000000000051a                __vector_31
                0x000000000000051a                __vector_39
                0x000000000000051a                __vector_3
                0x000000000000051a                __vector_23
                0x000000000000051a                __vector_25
                0x000000000000051a                __vector_11
                0x000000000000051a                __vector_54
                0x000000000000051a                __vector_13
                0x000000000000051a                __vector_17
                0x000000000000051a                __vector_19
                0x000000000000051a                __vector_56
                0x000000000000051a                __vector_7
                0x000000000000051a                __vector_49
                0x000000000000051a                __vector_41
                0x000000000000051a                __vector_43
                0x000000000000051a                __vector_27
                0x000000000000051a                __vector_5
                0x000000000000051a                __vector_33
                0x000000000000051a                __vector_47
                0x000000000000051a                __vector_52
                0x000000000000051a                __vector_37
                0x000000000000051a                __vector_4
                0x000000000000051a                __vector_44
                0x000000000000051a                __vector_51
                0x000000000000051a                __vector_9
                0x000000000000051a                __vector_2
                0x000000000000051a                __vector_21
                0x000000000000051a                __vector_15
                0x000000000000051a                __vector_36
                0x000000000000051a                __vector_58
                0x000000000000051a                __vector_29
                0x000000000000051a                __vector_60
                0x000000000000051a                __vector_40
                0x000000000000051a                __vector_26
                0x000000000000051a                __vector_48
                0x000000000000051a                __vector_14
                0x000000000000051a                __vector_57
                0x000000000000051a                __vector_53
                0x000000000000051a                __vector_10
                0x000000000000051a                __vector_50
                0x000000000000051a                __vector_16
                0x000000000000051a                __vector_59
                0x000000000000051a                __vector_18
                0x000000000000051a                __vector_20
                0x000000000000051a                __vector_42

.text._Exit     0x000000000000051e        0x4
 .text._Exit    0x000000000000051e        0x4 c:/program files/microchip/xc8/v2.46/avr/bin/../lib/gcc/avr/5.4.0/../../../../avr/lib/avrxmega4/memx-const/mapped\libc.a(_Exit.o)
                0x000000000000051e                _Exit

.text.USART3_DefaultFramingErrorCallback
                0x0000000000000522        0x2
 .text.USART3_DefaultFramingErrorCallback
                0x0000000000000522        0x2 build/default/production/mcc_generated_files/uart/src/usart3.o

.text.USART3_DefaultOverrunErrorCallback
                0x0000000000000524        0x2
 .text.USART3_DefaultOverrunErrorCallback
                0x0000000000000524        0x2 build/default/production/mcc_generated_files/uart/src/usart3.o

.text.USART3_DefaultParityErrorCallback
                0x0000000000000526        0x2
 .text.USART3_DefaultParityErrorCallback
                0x0000000000000526        0x2 build/default/production/mcc_generated_files/uart/src/usart3.o

.text.RX_pin_DefaultInterruptHandler
                0x0000000000000528        0x2
 .text.RX_pin_DefaultInterruptHandler
                0x0000000000000528        0x2 build/default/production/mcc_generated_files/system/src/pins.o
                0x0000000000000528                RX_pin_DefaultInterruptHandler

.text.TX_pin_DefaultInterruptHandler
                0x000000000000052a        0x2
 .text.TX_pin_DefaultInterruptHandler
                0x000000000000052a        0x2 build/default/production/mcc_generated_files/system/src/pins.o
                0x000000000000052a                TX_pin_DefaultInterruptHandler

.text.__dummy_fini
                0x000000000000052c        0x2
 .text.__dummy_fini
                0x000000000000052c        0x2 c:/program files/microchip/xc8/v2.46/avr/bin/../lib/gcc/avr/5.4.0/../../../../avr/lib/avrxmega4/memx-const/mapped\libc.a(exit.o)
                0x000000000000052c                _fini

.text.__dummy_funcs_on_exit
                0x000000000000052e        0x2
 .text.__dummy_funcs_on_exit
                0x000000000000052e        0x2 c:/program files/microchip/xc8/v2.46/avr/bin/../lib/gcc/avr/5.4.0/../../../../avr/lib/avrxmega4/memx-const/mapped\libc.a(exit.o)
                0x000000000000052e                __funcs_on_exit

.text.__dummy_simulator_exit
                0x0000000000000530        0x2
 .text.__dummy_simulator_exit
                0x0000000000000530        0x2 c:/program files/microchip/xc8/v2.46/avr/bin/../lib/gcc/avr/5.4.0/../../../../avr/lib/avrxmega4/memx-const/mapped\libc.a(exit.o)
                0x0000000000000530                __simulator_exit

.data.USART3_stream
                0x0000000000804000       0x10 load address 0x0000000000000532
 .data.USART3_stream
                0x0000000000804000       0x10 build/default/production/mcc_generated_files/uart/src/usart3.o
                0x0000000000804000                USART3_stream

.data._stdout   0x000000000080401c        0x2 load address 0x0000000000000542
 .data._stdout  0x000000000080401c        0x2 c:/program files/microchip/xc8/v2.46/avr/bin/../lib/gcc/avr/5.4.0/../../../../avr/lib/avrxmega4/memx-const/mapped\libc.a(stdout.o)
                0x000000000080401c                _stdout
